[33m❯[39m Building...
[32m✔[39m Building...
[1mInitial chunk files[22m[2m | [22m[1mNames[22m        [2m | [22m [1mRaw size[22m[2m | [22m[1mEstimated transfer size[22m
[32mmain-UOKQWZJJ.js[39m   [2m | [22m[2mmain[22m         [2m | [22m[36m781.26 kB[39m[2m | [22m              [36m201.65 kB[39m
[32mstyles-PDXPLNFU.css[39m[2m | [22m[2mstyles[22m       [2m | [22m[36m338.96 kB[39m[2m | [22m               [36m36.13 kB[39m

[1m [22m                  [2m | [22m[1mInitial total[22m[2m | [22m  [1m[91m1.12 MB[39m[22m[2m | [22m              [1m237.78 kB[22m

Application bundle generation failed. [4.651 seconds] - 2026-01-28T01:52:32.440Z

[1m[33m[33m▲ [43;33m[[43;30mWARNING[43;33m][0m [1mNG8113: RouterLink is not used within the template of MainLayoutComponent[0m [1m[35m[plugin angular-compiler][0m

    src/app/components/main-layout/main-layout.component.ts:10:40:
[37m      10 │ ...ports: [CommonModule, RouterOutlet, [32mRouterLink[37m, RouterLinkActive],
         ╵                                        [32m~~~~~~~~~~[0m


[33m▲ [43;33m[[43;30mWARNING[43;33m][0m [1mNG8113: RouterLinkActive is not used within the template of MainLayoutComponent[0m [1m[35m[plugin angular-compiler][0m

    src/app/components/main-layout/main-layout.component.ts:10:52:
[37m      10 │ ...ports: [CommonModule, RouterOutlet, RouterLink, [32mRouterLinkActive[37m],
         ╵                                                    [32m~~~~~~~~~~~~~~~~[0m


[33m▲ [43;33m[[43;30mWARNING[43;33m][0m [1mNG8113: RouterLink is not used within the template of ClientesComponent[0m [1m[35m[plugin angular-compiler][0m

    src/app/pages/clientes/clientes.component.ts:14:39:
[37m      14 │ ...ts: [CommonModule, FormsModule, [32mRouterLink[37m, FilterPipe, SortPipe],
         ╵                                    [32m~~~~~~~~~~[0m


[33m▲ [43;33m[[43;30mWARNING[43;33m][0m [1mNG8113: RouterLink is not used within the template of ComprasComponent[0m [1m[35m[plugin angular-compiler][0m

    src/app/pages/compras/compras.component.ts:14:39:
[37m      14 │   imports: [CommonModule, FormsModule, [32mRouterLink[37m],
         ╵                                        [32m~~~~~~~~~~[0m


[33m▲ [43;33m[[43;30mWARNING[43;33m][0m [1mNG8113: RouterLink is not used within the template of ContactanosComponent[0m [1m[35m[plugin angular-compiler][0m

    src/app/pages/contactanos/contactanos.component.ts:10:26:
[37m      10 │   imports: [CommonModule, [32mRouterLink[37m],
         ╵                           [32m~~~~~~~~~~[0m


[33m▲ [43;33m[[43;30mWARNING[43;33m][0m [1mNG8113: RouterLink is not used within the template of DashboardComponent[0m [1m[35m[plugin angular-compiler][0m

    src/app/pages/dashboard/dashboard.component.ts:10:26:
[37m      10 │   imports: [CommonModule, [32mRouterLink[37m],
         ╵                           [32m~~~~~~~~~~[0m


[33m▲ [43;33m[[43;30mWARNING[43;33m][0m [1mNG8113: RouterLink is not used within the template of FacturacionComponent[0m [1m[35m[plugin angular-compiler][0m

    src/app/pages/facturacion/facturacion.component.ts:14:39:
[37m      14 │   imports: [CommonModule, FormsModule, [32mRouterLink[37m],
         ╵                                        [32m~~~~~~~~~~[0m


[33m▲ [43;33m[[43;30mWARNING[43;33m][0m [1mNG8113: RouterLink is not used within the template of HistorialComponent[0m [1m[35m[plugin angular-compiler][0m

    src/app/pages/historial/historial.component.ts:12:26:
[37m      12 │   imports: [CommonModule, [32mRouterLink[37m, FormsModule],
         ╵                           [32m~~~~~~~~~~[0m


[33m▲ [43;33m[[43;30mWARNING[43;33m][0m [1mNG8113: RouterLink is not used within the template of ProductosComponent[0m [1m[35m[plugin angular-compiler][0m

    src/app/pages/productos/productos.component.ts:15:39:
[37m      15 │ ...ts: [CommonModule, FormsModule, [32mRouterLink[37m, FilterPipe, SortPipe],
         ╵                                    [32m~~~~~~~~~~[0m


[33m▲ [43;33m[[43;30mWARNING[43;33m][0m [1mNG8113: RouterLink is not used within the template of ProveedoresComponent[0m [1m[35m[plugin angular-compiler][0m

    src/app/pages/proveedores/proveedores.component.ts:13:39:
[37m      13 │   imports: [CommonModule, FormsModule, [32mRouterLink[37m, FilterPipe],
         ╵                                        [32m~~~~~~~~~~[0m


[33m▲ [43;33m[[43;30mWARNING[43;33m][0m [1mNG8113: RouterLink is not used within the template of UsuariosComponent[0m [1m[35m[plugin angular-compiler][0m

    src/app/pages/usuarios/usuarios.component.ts:13:39:
[37m      13 │   imports: [CommonModule, FormsModule, [32mRouterLink[37m, FilterPipe],
         ╵                                        [32m~~~~~~~~~~[0m


[33m▲ [43;33m[[43;30mWARNING[43;33m][0m [1mbundle initial exceeded maximum budget. Budget 500.00 kB was not met by 620.22 kB with a total of 1.12 MB.[0m


[33m▲ [43;33m[[43;30mWARNING[43;33m][0m [1mModule 'sweetalert2' used by 'src/app/components/main-layout/main-layout.component.ts' is not ESM[0m

  CommonJS or AMD dependencies can cause optimization bailouts.
  For more information see: [4mhttps://angular.dev/tools/cli/build#configuring-commonjs-dependencies[0m


[33m▲ [43;33m[[43;30mWARNING[43;33m][0m [1mModule 'sockjs-client' used by 'src/app/services/websocket.service.ts' is not ESM[0m

  CommonJS or AMD dependencies can cause optimization bailouts.
  For more information see: [4mhttps://angular.dev/tools/cli/build#configuring-commonjs-dependencies[0m

[39m[22m
[1m[31m[31mX [41;31m[[41;97mERROR[41;31m][0m [1mbundle initial exceeded maximum budget. Budget 1.00 MB was not met by 120.22 kB with a total of 1.12 MB.[0m

[39m[22m
